Archive member included to satisfy reference by file (symbol)

n:/programming/stm32cubeide_1.0.2/stm32cubeide/plugins/com.st.stm32cube.ide.mcu.externaltools.gnu-tools-for-stm32.7-2018-q2-update.win32_1.0.0.201904181610/tools/bin/../lib/gcc/arm-none-eabi/7.3.1/../../../../arm-none-eabi/lib/thumb/v7-m\libc_nano.a(lib_a-errno.o)
                              Src/syscalls.o (__errno)
n:/programming/stm32cubeide_1.0.2/stm32cubeide/plugins/com.st.stm32cube.ide.mcu.externaltools.gnu-tools-for-stm32.7-2018-q2-update.win32_1.0.0.201904181610/tools/bin/../lib/gcc/arm-none-eabi/7.3.1/../../../../arm-none-eabi/lib/thumb/v7-m\libc_nano.a(lib_a-exit.o)
                              n:/programming/stm32cubeide_1.0.2/stm32cubeide/plugins/com.st.stm32cube.ide.mcu.externaltools.gnu-tools-for-stm32.7-2018-q2-update.win32_1.0.0.201904181610/tools/bin/../lib/gcc/arm-none-eabi/7.3.1/../../../../arm-none-eabi/lib/thumb/v7-m/crt0.o (exit)
n:/programming/stm32cubeide_1.0.2/stm32cubeide/plugins/com.st.stm32cube.ide.mcu.externaltools.gnu-tools-for-stm32.7-2018-q2-update.win32_1.0.0.201904181610/tools/bin/../lib/gcc/arm-none-eabi/7.3.1/../../../../arm-none-eabi/lib/thumb/v7-m\libc_nano.a(lib_a-impure.o)
                              n:/programming/stm32cubeide_1.0.2/stm32cubeide/plugins/com.st.stm32cube.ide.mcu.externaltools.gnu-tools-for-stm32.7-2018-q2-update.win32_1.0.0.201904181610/tools/bin/../lib/gcc/arm-none-eabi/7.3.1/../../../../arm-none-eabi/lib/thumb/v7-m\libc_nano.a(lib_a-exit.o) (_global_impure_ptr)
n:/programming/stm32cubeide_1.0.2/stm32cubeide/plugins/com.st.stm32cube.ide.mcu.externaltools.gnu-tools-for-stm32.7-2018-q2-update.win32_1.0.0.201904181610/tools/bin/../lib/gcc/arm-none-eabi/7.3.1/../../../../arm-none-eabi/lib/thumb/v7-m\libc_nano.a(lib_a-init.o)
                              n:/programming/stm32cubeide_1.0.2/stm32cubeide/plugins/com.st.stm32cube.ide.mcu.externaltools.gnu-tools-for-stm32.7-2018-q2-update.win32_1.0.0.201904181610/tools/bin/../lib/gcc/arm-none-eabi/7.3.1/../../../../arm-none-eabi/lib/thumb/v7-m/crt0.o (__libc_init_array)
n:/programming/stm32cubeide_1.0.2/stm32cubeide/plugins/com.st.stm32cube.ide.mcu.externaltools.gnu-tools-for-stm32.7-2018-q2-update.win32_1.0.0.201904181610/tools/bin/../lib/gcc/arm-none-eabi/7.3.1/../../../../arm-none-eabi/lib/thumb/v7-m\libc_nano.a(lib_a-memset.o)
                              n:/programming/stm32cubeide_1.0.2/stm32cubeide/plugins/com.st.stm32cube.ide.mcu.externaltools.gnu-tools-for-stm32.7-2018-q2-update.win32_1.0.0.201904181610/tools/bin/../lib/gcc/arm-none-eabi/7.3.1/../../../../arm-none-eabi/lib/thumb/v7-m/crt0.o (memset)
n:/programming/stm32cubeide_1.0.2/stm32cubeide/plugins/com.st.stm32cube.ide.mcu.externaltools.gnu-tools-for-stm32.7-2018-q2-update.win32_1.0.0.201904181610/tools/bin/../lib/gcc/arm-none-eabi/7.3.1/../../../../arm-none-eabi/lib/thumb/v7-m\libc_nano.a(lib_a-strlen.o)
                              Src/dinoGame.o (strlen)

Allocating common symbols
Common symbol       size              file

player              0x4               Src/dinoGame.o
hi2c2               0x54              Src/main.o
uwTick              0x4               Drivers/STM32F1xx_HAL_Driver/Src/stm32f1xx_hal.o
pFlash              0x20              Drivers/STM32F1xx_HAL_Driver/Src/stm32f1xx_hal_flash.o
htim1               0x40              Src/main.o
objList             0xa0              Src/dinoGame.o

Discarded input sections

 .text          0x0000000000000000        0x0 n:/programming/stm32cubeide_1.0.2/stm32cubeide/plugins/com.st.stm32cube.ide.mcu.externaltools.gnu-tools-for-stm32.7-2018-q2-update.win32_1.0.0.201904181610/tools/bin/../lib/gcc/arm-none-eabi/7.3.1/thumb/v7-m/crti.o
 .data          0x0000000000000000        0x0 n:/programming/stm32cubeide_1.0.2/stm32cubeide/plugins/com.st.stm32cube.ide.mcu.externaltools.gnu-tools-for-stm32.7-2018-q2-update.win32_1.0.0.201904181610/tools/bin/../lib/gcc/arm-none-eabi/7.3.1/thumb/v7-m/crti.o
 .bss           0x0000000000000000        0x0 n:/programming/stm32cubeide_1.0.2/stm32cubeide/plugins/com.st.stm32cube.ide.mcu.externaltools.gnu-tools-for-stm32.7-2018-q2-update.win32_1.0.0.201904181610/tools/bin/../lib/gcc/arm-none-eabi/7.3.1/thumb/v7-m/crti.o
 .data          0x0000000000000000        0x4 n:/programming/stm32cubeide_1.0.2/stm32cubeide/plugins/com.st.stm32cube.ide.mcu.externaltools.gnu-tools-for-stm32.7-2018-q2-update.win32_1.0.0.201904181610/tools/bin/../lib/gcc/arm-none-eabi/7.3.1/thumb/v7-m/crtbegin.o
 .text          0x0000000000000000       0x74 n:/programming/stm32cubeide_1.0.2/stm32cubeide/plugins/com.st.stm32cube.ide.mcu.externaltools.gnu-tools-for-stm32.7-2018-q2-update.win32_1.0.0.201904181610/tools/bin/../lib/gcc/arm-none-eabi/7.3.1/../../../../arm-none-eabi/lib/thumb/v7-m/crt0.o
[...]
Memory Configuration

Name             Origin             Length             Attributes
RAM              0x0000000020000000 0x0000000000005000 xrw
FLASH            0x0000000008000000 0x0000000000010000 xr
*default*        0x0000000000000000 0xffffffffffffffff

Linker script and memory map

LOAD n:/programming/stm32cubeide_1.0.2/stm32cubeide/plugins/com.st.stm32cube.ide.mcu.externaltools.gnu-tools-for-stm32.7-2018-q2-update.win32_1.0.0.201904181610/tools/bin/../lib/gcc/arm-none-eabi/7.3.1/thumb/v7-m/crti.o
LOAD n:/programming/stm32cubeide_1.0.2/stm32cubeide/plugins/com.st.stm32cube.ide.mcu.externaltools.gnu-tools-for-stm32.7-2018-q2-update.win32_1.0.0.201904181610/tools/bin/../lib/gcc/arm-none-eabi/7.3.1/thumb/v7-m/crtbegin.o
LOAD n:/programming/stm32cubeide_1.0.2/stm32cubeide/plugins/com.st.stm32cube.ide.mcu.externaltools.gnu-tools-for-stm32.7-2018-q2-update.win32_1.0.0.201904181610/tools/bin/../lib/gcc/arm-none-eabi/7.3.1/../../../../arm-none-eabi/lib/thumb/v7-m/crt0.o
LOAD Drivers/STM32F1xx_HAL_Driver/Src/stm32f1xx_hal.o
LOAD Drivers/STM32F1xx_HAL_Driver/Src/stm32f1xx_hal_cortex.o
LOAD Drivers/STM32F1xx_HAL_Driver/Src/stm32f1xx_hal_dma.o
LOAD Drivers/STM32F1xx_HAL_Driver/Src/stm32f1xx_hal_exti.o
LOAD Drivers/STM32F1xx_HAL_Driver/Src/stm32f1xx_hal_flash.o
LOAD Drivers/STM32F1xx_HAL_Driver/Src/stm32f1xx_hal_flash_ex.o
LOAD Drivers/STM32F1xx_HAL_Driver/Src/stm32f1xx_hal_gpio.o
LOAD Drivers/STM32F1xx_HAL_Driver/Src/stm32f1xx_hal_gpio_ex.o
LOAD Drivers/STM32F1xx_HAL_Driver/Src/stm32f1xx_hal_i2c.o
LOAD Drivers/STM32F1xx_HAL_Driver/Src/stm32f1xx_hal_pwr.o
LOAD Drivers/STM32F1xx_HAL_Driver/Src/stm32f1xx_hal_rcc.o
LOAD Drivers/STM32F1xx_HAL_Driver/Src/stm32f1xx_hal_rcc_ex.o
LOAD Drivers/STM32F1xx_HAL_Driver/Src/stm32f1xx_hal_tim.o
LOAD Drivers/STM32F1xx_HAL_Driver/Src/stm32f1xx_hal_tim_ex.o
LOAD Src/dinoGame.o
LOAD Src/dinoGameModels.o
LOAD Src/fonts.o
LOAD Src/main.o
LOAD Src/ssd1306.o
LOAD Src/stm32f1xx_hal_msp.o
LOAD Src/stm32f1xx_it.o
LOAD Src/syscalls.o
LOAD Src/sysmem.o
LOAD Src/system_stm32f1xx.o
LOAD Startup/startup_stm32f103c8tx.o
START GROUP
LOAD n:/programming/stm32cubeide_1.0.2/stm32cubeide/plugins/com.st.stm32cube.ide.mcu.externaltools.gnu-tools-for-stm32.7-2018-q2-update.win32_1.0.0.201904181610/tools/bin/../lib/gcc/arm-none-eabi/7.3.1/../../../../arm-none-eabi/lib/thumb/v7-m\libc_nano.a
LOAD n:/programming/stm32cubeide_1.0.2/stm32cubeide/plugins/com.st.stm32cube.ide.mcu.externaltools.gnu-tools-for-stm32.7-2018-q2-update.win32_1.0.0.201904181610/tools/bin/../lib/gcc/arm-none-eabi/7.3.1/../../../../arm-none-eabi/lib/thumb/v7-m\libm.a
END GROUP
START GROUP
LOAD n:/programming/stm32cubeide_1.0.2/stm32cubeide/plugins/com.st.stm32cube.ide.mcu.externaltools.gnu-tools-for-stm32.7-2018-q2-update.win32_1.0.0.201904181610/tools/bin/../lib/gcc/arm-none-eabi/7.3.1/thumb/v7-m\libgcc.a
LOAD n:/programming/stm32cubeide_1.0.2/stm32cubeide/plugins/com.st.stm32cube.ide.mcu.externaltools.gnu-tools-for-stm32.7-2018-q2-update.win32_1.0.0.201904181610/tools/bin/../lib/gcc/arm-none-eabi/7.3.1/../../../../arm-none-eabi/lib/thumb/v7-m\libc_nano.a
END GROUP
START GROUP
LOAD n:/programming/stm32cubeide_1.0.2/stm32cubeide/plugins/com.st.stm32cube.ide.mcu.externaltools.gnu-tools-for-stm32.7-2018-q2-update.win32_1.0.0.201904181610/tools/bin/../lib/gcc/arm-none-eabi/7.3.1/thumb/v7-m\libgcc.a
LOAD n:/programming/stm32cubeide_1.0.2/stm32cubeide/plugins/com.st.stm32cube.ide.mcu.externaltools.gnu-tools-for-stm32.7-2018-q2-update.win32_1.0.0.201904181610/tools/bin/../lib/gcc/arm-none-eabi/7.3.1/../../../../arm-none-eabi/lib/thumb/v7-m\libc_nano.a
LOAD n:/programming/stm32cubeide_1.0.2/stm32cubeide/plugins/com.st.stm32cube.ide.mcu.externaltools.gnu-tools-for-stm32.7-2018-q2-update.win32_1.0.0.201904181610/tools/bin/../lib/gcc/arm-none-eabi/7.3.1/../../../../arm-none-eabi/lib/thumb/v7-m\libnosys.a
END GROUP
START GROUP
LOAD n:/programming/stm32cubeide_1.0.2/stm32cubeide/plugins/com.st.stm32cube.ide.mcu.externaltools.gnu-tools-for-stm32.7-2018-q2-update.win32_1.0.0.201904181610/tools/bin/../lib/gcc/arm-none-eabi/7.3.1/thumb/v7-m\libgcc.a
LOAD n:/programming/stm32cubeide_1.0.2/stm32cubeide/plugins/com.st.stm32cube.ide.mcu.externaltools.gnu-tools-for-stm32.7-2018-q2-update.win32_1.0.0.201904181610/tools/bin/../lib/gcc/arm-none-eabi/7.3.1/../../../../arm-none-eabi/lib/thumb/v7-m\libc_nano.a
LOAD n:/programming/stm32cubeide_1.0.2/stm32cubeide/plugins/com.st.stm32cube.ide.mcu.externaltools.gnu-tools-for-stm32.7-2018-q2-update.win32_1.0.0.201904181610/tools/bin/../lib/gcc/arm-none-eabi/7.3.1/../../../../arm-none-eabi/lib/thumb/v7-m\libnosys.a
END GROUP
LOAD n:/programming/stm32cubeide_1.0.2/stm32cubeide/plugins/com.st.stm32cube.ide.mcu.externaltools.gnu-tools-for-stm32.7-2018-q2-update.win32_1.0.0.201904181610/tools/bin/../lib/gcc/arm-none-eabi/7.3.1/thumb/v7-m/crtend.o
LOAD n:/programming/stm32cubeide_1.0.2/stm32cubeide/plugins/com.st.stm32cube.ide.mcu.externaltools.gnu-tools-for-stm32.7-2018-q2-update.win32_1.0.0.201904181610/tools/bin/../lib/gcc/arm-none-eabi/7.3.1/thumb/v7-m/crtn.o
                0x0000000020005000                _estack = 0x20005000
                0x0000000000000f00                _Min_Heap_Size = 0xf00
                0x0000000000000f00                _Min_Stack_Size = 0xf00

.isr_vector     0x0000000008000000      0x10c
                0x0000000008000000                . = ALIGN (0x4)
 *(.isr_vector)
 .isr_vector    0x0000000008000000      0x10c Startup/startup_stm32f103c8tx.o
                0x0000000008000000                g_pfnVectors
                0x000000000800010c                . = ALIGN (0x4)

.text           0x000000000800010c     0x3850
                0x000000000800010c                . = ALIGN (0x4)
 *(.text)
 .text          0x000000000800010c       0x40 n:/programming/stm32cubeide_1.0.2/stm32cubeide/plugins/com.st.stm32cube.ide.mcu.externaltools.gnu-tools-for-stm32.7-2018-q2-update.win32_1.0.0.201904181610/tools/bin/../lib/gcc/arm-none-eabi/7.3.1/thumb/v7-m/crtbegin.o
 .text          0x000000000800014c       0x10 n:/programming/stm32cubeide_1.0.2/stm32cubeide/plugins/com.st.stm32cube.ide.mcu.externaltools.gnu-tools-for-stm32.7-2018-q2-update.win32_1.0.0.201904181610/tools/bin/../lib/gcc/arm-none-eabi/7.3.1/../../../../arm-none-eabi/lib/thumb/v7-m\libc_nano.a(lib_a-strlen.o)
                0x000000000800014c                strlen
 *(.text*)
 .text.HAL_Init
                0x000000000800015c       0x2c Drivers/STM32F1xx_HAL_Driver/Src/stm32f1xx_hal.o
                0x000000000800015c                HAL_Init
 .text.HAL_InitTick
                0x0000000008000188       0x60 Drivers/STM32F1xx_HAL_Driver/Src/stm32f1xx_hal.o
                0x0000000008000188                HAL_InitTick
 .text.HAL_IncTick
                0x00000000080001e8       0x24 Drivers/STM32F1xx_HAL_Driver/Src/stm32f1xx_hal.o
                0x00000000080001e8                HAL_IncTick
 .text.HAL_GetTick
                0x000000000800020c       0x14 Drivers/STM32F1xx_HAL_Driver/Src/stm32f1xx_hal.o
                0x000000000800020c                HAL_GetTick
 .text.HAL_Delay
                0x0000000008000220       0x44 Drivers/STM32F1xx_HAL_Driver/Src/stm32f1xx_hal.o
                0x0000000008000220                HAL_Delay
 .text.__NVIC_SetPriorityGrouping
                0x0000000008000264       0x48 Drivers/STM32F1xx_HAL_Driver/Src/stm32f1xx_hal_cortex.o
 .text.__NVIC_GetPriorityGrouping
                0x00000000080002ac       0x1c Drivers/STM32F1xx_HAL_Driver/Src/stm32f1xx_hal_cortex.o
 .text.__NVIC_EnableIRQ
                0x00000000080002c8       0x38 Drivers/STM32F1xx_HAL_Driver/Src/stm32f1xx_hal_cortex.o
 .text.__NVIC_SetPriority
                0x0000000008000300       0x54 Drivers/STM32F1xx_HAL_Driver/Src/stm32f1xx_hal_cortex.o
 .text.NVIC_EncodePriority
                0x0000000008000354       0x64 Drivers/STM32F1xx_HAL_Driver/Src/stm32f1xx_hal_cortex.o
 .text.SysTick_Config
                0x00000000080003b8       0x44 Drivers/STM32F1xx_HAL_Driver/Src/stm32f1xx_hal_cortex.o
 .text.HAL_NVIC_SetPriorityGrouping
                0x00000000080003fc       0x16 Drivers/STM32F1xx_HAL_Driver/Src/stm32f1xx_hal_cortex.o
                0x00000000080003fc                HAL_NVIC_SetPriorityGrouping
 .text.HAL_NVIC_SetPriority
                0x0000000008000412       0x38 Drivers/STM32F1xx_HAL_Driver/Src/stm32f1xx_hal_cortex.o
                0x0000000008000412                HAL_NVIC_SetPriority
 .text.HAL_NVIC_EnableIRQ
                0x000000000800044a       0x1c Drivers/STM32F1xx_HAL_Driver/Src/stm32f1xx_hal_cortex.o
                0x000000000800044a                HAL_NVIC_EnableIRQ
 .text.HAL_SYSTICK_Config
                0x0000000008000466       0x18 Drivers/STM32F1xx_HAL_Driver/Src/stm32f1xx_hal_cortex.o
                0x0000000008000466                HAL_SYSTICK_Config
 *fill*         0x000000000800047e        0x2 
 .text.HAL_GPIO_Init
                0x0000000008000480      0x2b4 Drivers/STM32F1xx_HAL_Driver/Src/stm32f1xx_hal_gpio.o
                0x0000000008000480                HAL_GPIO_Init
 .text.HAL_GPIO_WritePin
                0x0000000008000734       0x30 Drivers/STM32F1xx_HAL_Driver/Src/stm32f1xx_hal_gpio.o
                0x0000000008000734                HAL_GPIO_WritePin
 .text.HAL_GPIO_EXTI_IRQHandler
                0x0000000008000764       0x30 Drivers/STM32F1xx_HAL_Driver/Src/stm32f1xx_hal_gpio.o
                0x0000000008000764                HAL_GPIO_EXTI_IRQHandler
 .text.HAL_GPIO_EXTI_Callback
                0x0000000008000794       0x14 Drivers/STM32F1xx_HAL_Driver/Src/stm32f1xx_hal_gpio.o
                0x0000000008000794                HAL_GPIO_EXTI_Callback
 .text.HAL_I2C_Init
                0x00000000080007a8      0x250 Drivers/STM32F1xx_HAL_Driver/Src/stm32f1xx_hal_i2c.o
                0x00000000080007a8                HAL_I2C_Init
 .text.HAL_I2C_Mem_Write
                0x00000000080009f8      0x1f4 Drivers/STM32F1xx_HAL_Driver/Src/stm32f1xx_hal_i2c.o
                0x00000000080009f8                HAL_I2C_Mem_Write
 .text.HAL_I2C_IsDeviceReady
                0x0000000008000bec      0x244 Drivers/STM32F1xx_HAL_Driver/Src/stm32f1xx_hal_i2c.o
                0x0000000008000bec                HAL_I2C_IsDeviceReady
 .text.I2C_RequestMemoryWrite
                0x0000000008000e30      0x114 Drivers/STM32F1xx_HAL_Driver/Src/stm32f1xx_hal_i2c.o
 .text.I2C_WaitOnFlagUntilTimeout
                0x0000000008000f44       0xae Drivers/STM32F1xx_HAL_Driver/Src/stm32f1xx_hal_i2c.o
 .text.I2C_WaitOnMasterAddressFlagUntilTimeout
                0x0000000008000ff2       0xfe Drivers/STM32F1xx_HAL_Driver/Src/stm32f1xx_hal_i2c.o
 .text.I2C_WaitOnTXEFlagUntilTimeout
                0x00000000080010f0       0x82 Drivers/STM32F1xx_HAL_Driver/Src/stm32f1xx_hal_i2c.o
 .text.I2C_WaitOnBTFFlagUntilTimeout
                0x0000000008001172       0x82 Drivers/STM32F1xx_HAL_Driver/Src/stm32f1xx_hal_i2c.o
 .text.I2C_IsAcknowledgeFailed
                0x00000000080011f4       0x5c Drivers/STM32F1xx_HAL_Driver/Src/stm32f1xx_hal_i2c.o
 .text.HAL_RCC_OscConfig
                0x0000000008001250      0x500 Drivers/STM32F1xx_HAL_Driver/Src/stm32f1xx_hal_rcc.o
                0x0000000008001250                HAL_RCC_OscConfig
 .text.HAL_RCC_ClockConfig
                0x0000000008001750      0x1d4 Drivers/STM32F1xx_HAL_Driver/Src/stm32f1xx_hal_rcc.o
                0x0000000008001750                HAL_RCC_ClockConfig
 .text.HAL_RCC_GetSysClockFreq
                0x0000000008001924       0xc4 Drivers/STM32F1xx_HAL_Driver/Src/stm32f1xx_hal_rcc.o
                0x0000000008001924                HAL_RCC_GetSysClockFreq
 .text.HAL_RCC_GetHCLKFreq
                0x00000000080019e8       0x14 Drivers/STM32F1xx_HAL_Driver/Src/stm32f1xx_hal_rcc.o
                0x00000000080019e8                HAL_RCC_GetHCLKFreq
 .text.HAL_RCC_GetPCLK1Freq
                0x00000000080019fc       0x28 Drivers/STM32F1xx_HAL_Driver/Src/stm32f1xx_hal_rcc.o
                0x00000000080019fc                HAL_RCC_GetPCLK1Freq
 .text.RCC_Delay
                0x0000000008001a24       0x3c Drivers/STM32F1xx_HAL_Driver/Src/stm32f1xx_hal_rcc.o
 .text.HAL_TIM_Base_Init
                0x0000000008001a60       0x56 Drivers/STM32F1xx_HAL_Driver/Src/stm32f1xx_hal_tim.o
                0x0000000008001a60                HAL_TIM_Base_Init
 .text.HAL_TIM_Base_Start_IT
                0x0000000008001ab6       0x46 Drivers/STM32F1xx_HAL_Driver/Src/stm32f1xx_hal_tim.o
                0x0000000008001ab6                HAL_TIM_Base_Start_IT
 .text.HAL_TIM_IRQHandler
                0x0000000008001afc      0x210 Drivers/STM32F1xx_HAL_Driver/Src/stm32f1xx_hal_tim.o
                0x0000000008001afc                HAL_TIM_IRQHandler
 .text.HAL_TIM_ConfigClockSource
                0x0000000008001d0c      0x16e Drivers/STM32F1xx_HAL_Driver/Src/stm32f1xx_hal_tim.o
                0x0000000008001d0c                HAL_TIM_ConfigClockSource
 .text.HAL_TIM_PeriodElapsedCallback
                0x0000000008001e7a       0x12 Drivers/STM32F1xx_HAL_Driver/Src/stm32f1xx_hal_tim.o
                0x0000000008001e7a                HAL_TIM_PeriodElapsedCallback
 .text.HAL_TIM_OC_DelayElapsedCallback
                0x0000000008001e8c       0x12 Drivers/STM32F1xx_HAL_Driver/Src/stm32f1xx_hal_tim.o
                0x0000000008001e8c                HAL_TIM_OC_DelayElapsedCallback
 .text.HAL_TIM_IC_CaptureCallback
                0x0000000008001e9e       0x12 Drivers/STM32F1xx_HAL_Driver/Src/stm32f1xx_hal_tim.o
                0x0000000008001e9e                HAL_TIM_IC_CaptureCallback
 .text.HAL_TIM_PWM_PulseFinishedCallback
                0x0000000008001eb0       0x12 Drivers/STM32F1xx_HAL_Driver/Src/stm32f1xx_hal_tim.o
                0x0000000008001eb0                HAL_TIM_PWM_PulseFinishedCallback
 .text.HAL_TIM_TriggerCallback
                0x0000000008001ec2       0x12 Drivers/STM32F1xx_HAL_Driver/Src/stm32f1xx_hal_tim.o
                0x0000000008001ec2                HAL_TIM_TriggerCallback
 .text.TIM_Base_SetConfig
                0x0000000008001ed4       0xc4 Drivers/STM32F1xx_HAL_Driver/Src/stm32f1xx_hal_tim.o
                0x0000000008001ed4                TIM_Base_SetConfig
 .text.TIM_TI1_ConfigInputStage
                0x0000000008001f98       0x5c Drivers/STM32F1xx_HAL_Driver/Src/stm32f1xx_hal_tim.o
 .text.TIM_TI2_ConfigInputStage
                0x0000000008001ff4       0x5e Drivers/STM32F1xx_HAL_Driver/Src/stm32f1xx_hal_tim.o
 .text.TIM_ITRx_SetConfig
                0x0000000008002052       0x34 Drivers/STM32F1xx_HAL_Driver/Src/stm32f1xx_hal_tim.o
 .text.TIM_ETR_SetConfig
                0x0000000008002086       0x3e Drivers/STM32F1xx_HAL_Driver/Src/stm32f1xx_hal_tim.o
                0x0000000008002086                TIM_ETR_SetConfig
 .text.HAL_TIMEx_MasterConfigSynchronization
                0x00000000080020c4       0x88 Drivers/STM32F1xx_HAL_Driver/Src/stm32f1xx_hal_tim_ex.o
                0x00000000080020c4                HAL_TIMEx_MasterConfigSynchronization
 .text.HAL_TIMEx_CommutCallback
                0x000000000800214c       0x12 Drivers/STM32F1xx_HAL_Driver/Src/stm32f1xx_hal_tim_ex.o
                0x000000000800214c                HAL_TIMEx_CommutCallback
 .text.HAL_TIMEx_BreakCallback
                0x000000000800215e       0x12 Drivers/STM32F1xx_HAL_Driver/Src/stm32f1xx_hal_tim_ex.o
                0x000000000800215e                HAL_TIMEx_BreakCallback
 .text.reverse  0x0000000008002170       0x5a Src/dinoGame.o
                0x0000000008002170                reverse
 *fill*         0x00000000080021ca        0x2 
 .text.itoaK    0x00000000080021cc       0x94 Src/dinoGame.o
                0x00000000080021cc                itoaK
 .text.initSlides
                0x0000000008002260      0x16c Src/dinoGame.o
                0x0000000008002260                initSlides
 .text.initDino
                0x00000000080023cc       0x34 Src/dinoGame.o
                0x00000000080023cc                initDino
 .text.initGame
                0x0000000008002400       0x10 Src/dinoGame.o
                0x0000000008002400                initGame
 .text.drawRoad
                0x0000000008002410       0x48 Src/dinoGame.o
                0x0000000008002410                drawRoad
 .text.createEntity
                0x0000000008002458       0xe4 Src/dinoGame.o
                0x0000000008002458                createEntity
 .text.drawEntities
                0x000000000800253c       0x44 Src/dinoGame.o
                0x000000000800253c                drawEntities
 .text.drawEntity
                0x0000000008002580       0x7e Src/dinoGame.o
                0x0000000008002580                drawEntity
 *fill*         0x00000000080025fe        0x2 
 .text.drawDino
                0x0000000008002600      0x16c Src/dinoGame.o
                0x0000000008002600                drawDino
 .text.normalizeField
                0x000000000800276c       0x70 Src/dinoGame.o
                0x000000000800276c                normalizeField
 .text.drawPoints
                0x00000000080027dc       0x50 Src/dinoGame.o
                0x00000000080027dc                drawPoints
 .text.draw     0x000000000800282c       0x4c Src/dinoGame.o
                0x000000000800282c                draw
 .text.processEntities
                0x0000000008002878       0x8c Src/dinoGame.o
                0x0000000008002878                processEntities
 .text.end      0x0000000008002904       0x2c Src/dinoGame.o
                0x0000000008002904                end
 .text.SetJumpState
                0x0000000008002930       0x18 Src/dinoGame.o
                0x0000000008002930                SetJumpState
 .text.getState
                0x0000000008002948       0x30 Src/dinoGame.o
                0x0000000008002948                getState
 .text.startGame
                0x0000000008002978       0x44 Src/dinoGame.o
                0x0000000008002978                startGame
 .text.__NVIC_SetPriority
                0x00000000080029bc       0x54 Src/main.o
 .text.SysTick_Config
                0x0000000008002a10       0x44 Src/main.o
 .text.main     0x0000000008002a54       0x50 Src/main.o
                0x0000000008002a54                main
 .text.SystemClock_Config
                0x0000000008002aa4       0x8a Src/main.o
                0x0000000008002aa4                SystemClock_Config
 *fill*         0x0000000008002b2e        0x2 
 .text.MX_I2C2_Init
                0x0000000008002b30       0x5c Src/main.o
 .text.MX_TIM1_Init
                0x0000000008002b8c       0xa0 Src/main.o
 .text.MX_GPIO_Init
                0x0000000008002c2c       0xe0 Src/main.o
 .text.Error_Handler
                0x0000000008002d0c        0xc Src/main.o
                0x0000000008002d0c                Error_Handler
 .text.width    0x0000000008002d18        0xe Src/ssd1306.o
 .text.height   0x0000000008002d26        0xe Src/ssd1306.o
 .text.ssd1306_GetWidth
                0x0000000008002d34        0xe Src/ssd1306.o
                0x0000000008002d34                ssd1306_GetWidth
 .text.ssd1306_GetHeight
                0x0000000008002d42        0xe Src/ssd1306.o
                0x0000000008002d42                ssd1306_GetHeight
 .text.ssd1306_SetColor
                0x0000000008002d50       0x20 Src/ssd1306.o
                0x0000000008002d50                ssd1306_SetColor
 .text.ssd1306_Init
                0x0000000008002d70      0x134 Src/ssd1306.o
                0x0000000008002d70                ssd1306_Init
 .text.ssd1306_UpdateScreen
                0x0000000008002ea4       0x54 Src/ssd1306.o
                0x0000000008002ea4                ssd1306_UpdateScreen
 .text.ssd1306_DrawPixel
                0x0000000008002ef8      0x1b8 Src/ssd1306.o
                0x0000000008002ef8                ssd1306_DrawPixel
 .text.ssd1306_DrawPixelOut
                0x00000000080030b0      0x220 Src/ssd1306.o
                0x00000000080030b0                ssd1306_DrawPixelOut
 .text.ssd1306_DrawBitmap
                0x00000000080032d0       0xb0 Src/ssd1306.o
                0x00000000080032d0                ssd1306_DrawBitmap
 .text.ssd1306_WriteChar
                0x0000000008003380      0x124 Src/ssd1306.o
                0x0000000008003380                ssd1306_WriteChar
 .text.ssd1306_WriteString
                0x00000000080034a4       0x4a Src/ssd1306.o
                0x00000000080034a4                ssd1306_WriteString
 *fill*         0x00000000080034ee        0x2 
 .text.ssd1306_TestForPixels
                0x00000000080034f0       0x9c Src/ssd1306.o
                0x00000000080034f0                ssd1306_TestForPixels
 .text.ssd1306_SetCursor
                0x000000000800358c       0x30 Src/ssd1306.o
                0x000000000800358c                ssd1306_SetCursor
 .text.ssd1306_Clear
                0x00000000080035bc       0x20 Src/ssd1306.o
                0x00000000080035bc                ssd1306_Clear
 .text.ssd1306_WriteCommand
                0x00000000080035dc       0x30 Src/ssd1306.o
 .text.ssd1306_WriteData
                0x000000000800360c       0x30 Src/ssd1306.o
 .text.HAL_MspInit
                0x000000000800363c       0x64 Src/stm32f1xx_hal_msp.o
                0x000000000800363c                HAL_MspInit
 .text.HAL_I2C_MspInit
                0x00000000080036a0       0x80 Src/stm32f1xx_hal_msp.o
                0x00000000080036a0                HAL_I2C_MspInit
 .text.HAL_TIM_Base_MspInit
                0x0000000008003720       0x4c Src/stm32f1xx_hal_msp.o
                0x0000000008003720                HAL_TIM_Base_MspInit
 .text.NMI_Handler
                0x000000000800376c        0xc Src/stm32f1xx_it.o
                0x000000000800376c                NMI_Handler
 .text.HardFault_Handler
                0x0000000008003778        0x6 Src/stm32f1xx_it.o
                0x0000000008003778                HardFault_Handler
 .text.MemManage_Handler
                0x000000000800377e        0x6 Src/stm32f1xx_it.o
                0x000000000800377e                MemManage_Handler
 .text.BusFault_Handler
                0x0000000008003784        0x6 Src/stm32f1xx_it.o
                0x0000000008003784                BusFault_Handler
 .text.UsageFault_Handler
                0x000000000800378a        0x6 Src/stm32f1xx_it.o
                0x000000000800378a                UsageFault_Handler
 .text.SVC_Handler
                0x0000000008003790        0xc Src/stm32f1xx_it.o
                0x0000000008003790                SVC_Handler
 .text.DebugMon_Handler
                0x000000000800379c        0xc Src/stm32f1xx_it.o
                0x000000000800379c                DebugMon_Handler
 .text.PendSV_Handler
                0x00000000080037a8        0xc Src/stm32f1xx_it.o
                0x00000000080037a8                PendSV_Handler
 .text.SysTick_Handler
                0x00000000080037b4       0x3c Src/stm32f1xx_it.o
                0x00000000080037b4                SysTick_Handler
 .text.EXTI0_IRQHandler
                0x00000000080037f0       0x28 Src/stm32f1xx_it.o
                0x00000000080037f0                EXTI0_IRQHandler
 .text.TIM1_UP_IRQHandler
                0x0000000008003818       0x20 Src/stm32f1xx_it.o
                0x0000000008003818                TIM1_UP_IRQHandler
 .text.SystemInit
                0x0000000008003838       0x68 Src/system_stm32f1xx.o
                0x0000000008003838                SystemInit
 .text.Reset_Handler
                0x00000000080038a0       0x48 Startup/startup_stm32f103c8tx.o
                0x00000000080038a0                Reset_Handler
 .text.Default_Handler
                0x00000000080038e8        0x2 Startup/startup_stm32f103c8tx.o
                0x00000000080038e8                RTC_Alarm_IRQHandler
                0x00000000080038e8                EXTI2_IRQHandler
                0x00000000080038e8                TIM1_CC_IRQHandler
                0x00000000080038e8                PVD_IRQHandler
                0x00000000080038e8                EXTI3_IRQHandler
                0x00000000080038e8                I2C2_EV_IRQHandler
                0x00000000080038e8                ADC1_2_IRQHandler
                0x00000000080038e8                SPI1_IRQHandler
                0x00000000080038e8                TAMPER_IRQHandler
                0x00000000080038e8                DMA1_Channel4_IRQHandler
                0x00000000080038e8                USART3_IRQHandler
                0x00000000080038e8                RTC_IRQHandler
                0x00000000080038e8                DMA1_Channel7_IRQHandler
                0x00000000080038e8                CAN1_RX1_IRQHandler
                0x00000000080038e8                TIM4_IRQHandler
                0x00000000080038e8                I2C1_EV_IRQHandler
                0x00000000080038e8                DMA1_Channel6_IRQHandler
                0x00000000080038e8                TIM3_IRQHandler
                0x00000000080038e8                RCC_IRQHandler
                0x00000000080038e8                TIM1_TRG_COM_IRQHandler
                0x00000000080038e8                DMA1_Channel1_IRQHandler
                0x00000000080038e8                Default_Handler
                0x00000000080038e8                EXTI15_10_IRQHandler
                0x00000000080038e8                EXTI9_5_IRQHandler
                0x00000000080038e8                SPI2_IRQHandler
                0x00000000080038e8                DMA1_Channel5_IRQHandler
                0x00000000080038e8                EXTI4_IRQHandler
                0x00000000080038e8                USB_LP_CAN1_RX0_IRQHandler
                0x00000000080038e8                USB_HP_CAN1_TX_IRQHandler
                0x00000000080038e8                DMA1_Channel3_IRQHandler
                0x00000000080038e8                WWDG_IRQHandler
                0x00000000080038e8                TIM2_IRQHandler
                0x00000000080038e8                TIM1_BRK_IRQHandler
                0x00000000080038e8                EXTI1_IRQHandler
                0x00000000080038e8                USART2_IRQHandler
                0x00000000080038e8                I2C2_ER_IRQHandler
                0x00000000080038e8                DMA1_Channel2_IRQHandler
                0x00000000080038e8                CAN1_SCE_IRQHandler
                0x00000000080038e8                FLASH_IRQHandler
                0x00000000080038e8                USART1_IRQHandler
                0x00000000080038e8                I2C1_ER_IRQHandler
                0x00000000080038e8                USBWakeUp_IRQHandler
 *fill*         0x00000000080038ea        0x2 
 .text.__libc_init_array
                0x00000000080038ec       0x48 n:/programming/stm32cubeide_1.0.2/stm32cubeide/plugins/com.st.stm32cube.ide.mcu.externaltools.gnu-tools-for-stm32.7-2018-q2-update.win32_1.0.0.201904181610/tools/bin/../lib/gcc/arm-none-eabi/7.3.1/../../../../arm-none-eabi/lib/thumb/v7-m\libc_nano.a(lib_a-init.o)
                0x00000000080038ec                __libc_init_array
 .text.memset   0x0000000008003934       0x10 n:/programming/stm32cubeide_1.0.2/stm32cubeide/plugins/com.st.stm32cube.ide.mcu.externaltools.gnu-tools-for-stm32.7-2018-q2-update.win32_1.0.0.201904181610/tools/bin/../lib/gcc/arm-none-eabi/7.3.1/../../../../arm-none-eabi/lib/thumb/v7-m\libc_nano.a(lib_a-memset.o)
                0x0000000008003934                memset
 *(.glue_7)
 .glue_7        0x0000000008003944        0x0 linker stubs
 *(.glue_7t)
 .glue_7t       0x0000000008003944        0x0 linker stubs
 *(.eh_frame)
 .eh_frame      0x0000000008003944        0x0 n:/programming/stm32cubeide_1.0.2/stm32cubeide/plugins/com.st.stm32cube.ide.mcu.externaltools.gnu-tools-for-stm32.7-2018-q2-update.win32_1.0.0.201904181610/tools/bin/../lib/gcc/arm-none-eabi/7.3.1/thumb/v7-m/crtbegin.o
 *(.init)
 .init          0x0000000008003944        0x4 n:/programming/stm32cubeide_1.0.2/stm32cubeide/plugins/com.st.stm32cube.ide.mcu.externaltools.gnu-tools-for-stm32.7-2018-q2-update.win32_1.0.0.201904181610/tools/bin/../lib/gcc/arm-none-eabi/7.3.1/thumb/v7-m/crti.o
                0x0000000008003944                _init
 .init          0x0000000008003948        0x8 n:/programming/stm32cubeide_1.0.2/stm32cubeide/plugins/com.st.stm32cube.ide.mcu.externaltools.gnu-tools-for-stm32.7-2018-q2-update.win32_1.0.0.201904181610/tools/bin/../lib/gcc/arm-none-eabi/7.3.1/thumb/v7-m/crtn.o
 *(.fini)
 .fini          0x0000000008003950        0x4 n:/programming/stm32cubeide_1.0.2/stm32cubeide/plugins/com.st.stm32cube.ide.mcu.externaltools.gnu-tools-for-stm32.7-2018-q2-update.win32_1.0.0.201904181610/tools/bin/../lib/gcc/arm-none-eabi/7.3.1/thumb/v7-m/crti.o
                0x0000000008003950                _fini
 .fini          0x0000000008003954        0x8 n:/programming/stm32cubeide_1.0.2/stm32cubeide/plugins/com.st.stm32cube.ide.mcu.externaltools.gnu-tools-for-stm32.7-2018-q2-update.win32_1.0.0.201904181610/tools/bin/../lib/gcc/arm-none-eabi/7.3.1/thumb/v7-m/crtn.o
                0x000000000800395c                . = ALIGN (0x4)
                0x000000000800395c                _etext = .

.vfp11_veneer   0x000000000800395c        0x0
 .vfp11_veneer  0x000000000800395c        0x0 linker stubs

.v4_bx          0x000000000800395c        0x0
 .v4_bx         0x000000000800395c        0x0 linker stubs

.iplt           0x000000000800395c        0x0
 .iplt          0x000000000800395c        0x0 n:/programming/stm32cubeide_1.0.2/stm32cubeide/plugins/com.st.stm32cube.ide.mcu.externaltools.gnu-tools-for-stm32.7-2018-q2-update.win32_1.0.0.201904181610/tools/bin/../lib/gcc/arm-none-eabi/7.3.1/thumb/v7-m/crtbegin.o

.rodata         0x000000000800395c      0xb28
                0x000000000800395c                . = ALIGN (0x4)
 *(.rodata)
 .rodata        0x000000000800395c       0x12 Drivers/STM32F1xx_HAL_Driver/Src/stm32f1xx_hal_rcc.o
 *(.rodata*)
 *fill*         0x000000000800396e        0x2 
 .rodata.dino   0x0000000008003970       0x3c Src/dinoGameModels.o
                0x0000000008003970                dino
 .rodata.dino1  0x00000000080039ac       0x3c Src/dinoGameModels.o
                0x00000000080039ac                dino1
 .rodata.dino2  0x00000000080039e8       0x3c Src/dinoGameModels.o
                0x00000000080039e8                dino2
 .rodata.dinosit1
                0x0000000008003a24       0x38 Src/dinoGameModels.o
                0x0000000008003a24                dinosit1
 .rodata.dinosit2
                0x0000000008003a5c       0x38 Src/dinoGameModels.o
                0x0000000008003a5c                dinosit2
 .rodata.cactus1
                0x0000000008003a94        0xc Src/dinoGameModels.o
                0x0000000008003a94                cactus1
 .rodata.cactus2
                0x0000000008003aa0        0xc Src/dinoGameModels.o
                0x0000000008003aa0                cactus2
 .rodata.cactus3
                0x0000000008003aac       0x24 Src/dinoGameModels.o
                0x0000000008003aac                cactus3
 .rodata.bird1  0x0000000008003ad0       0x2a Src/dinoGameModels.o
                0x0000000008003ad0                bird1
 *fill*         0x0000000008003afa        0x2 
 .rodata.bird2  0x0000000008003afc       0x2a Src/dinoGameModels.o
                0x0000000008003afc                bird2
 *fill*         0x0000000008003b26        0x2 
 .rodata.road   0x0000000008003b28      0x100 Src/dinoGameModels.o
                0x0000000008003b28                road
 .rodata.endGame
                0x0000000008003c28       0x9c Src/dinoGameModels.o
                0x0000000008003c28                endGame
 .rodata.dinoTest
                0x0000000008003cc4       0x3c Src/dinoGameModels.o
                0x0000000008003cc4                dinoTest
 .rodata.Font7x10
                0x0000000008003d00      0x76c Src/fonts.o
 .rodata.AHBPrescTable
                0x000000000800446c       0x10 Src/system_stm32f1xx.o
                0x000000000800446c                AHBPrescTable
 .rodata.APBPrescTable
                0x000000000800447c        0x8 Src/system_stm32f1xx.o
                0x000000000800447c                APBPrescTable
                0x0000000008004484                . = ALIGN (0x4)

.rel.dyn        0x0000000008004484        0x0
 .rel.iplt      0x0000000008004484        0x0 n:/programming/stm32cubeide_1.0.2/stm32cubeide/plugins/com.st.stm32cube.ide.mcu.externaltools.gnu-tools-for-stm32.7-2018-q2-update.win32_1.0.0.201904181610/tools/bin/../lib/gcc/arm-none-eabi/7.3.1/thumb/v7-m/crtbegin.o

.ARM.extab      0x0000000008004484        0x0
                0x0000000008004484                . = ALIGN (0x4)
 *(.ARM.extab* .gnu.linkonce.armextab.*)
                0x0000000008004484                . = ALIGN (0x4)

.ARM            0x0000000008004484        0x0
                0x0000000008004484                . = ALIGN (0x4)
                0x0000000008004484                __exidx_start = .
 *(.ARM.exidx*)
                0x0000000008004484                __exidx_end = .
                0x0000000008004484                . = ALIGN (0x4)

.preinit_array  0x0000000008004484        0x0
                0x0000000008004484                . = ALIGN (0x4)
                0x0000000008004484                PROVIDE (__preinit_array_start = .)
 *(.preinit_array*)
                0x0000000008004484                PROVIDE (__preinit_array_end = .)
                0x0000000008004484                . = ALIGN (0x4)

.init_array     0x0000000008004484        0x4
                0x0000000008004484                . = ALIGN (0x4)
                0x0000000008004484                PROVIDE (__init_array_start = .)
 *(SORT_BY_NAME(.init_array.*))
 *(.init_array*)
 .init_array    0x0000000008004484        0x4 n:/programming/stm32cubeide_1.0.2/stm32cubeide/plugins/com.st.stm32cube.ide.mcu.externaltools.gnu-tools-for-stm32.7-2018-q2-update.win32_1.0.0.201904181610/tools/bin/../lib/gcc/arm-none-eabi/7.3.1/thumb/v7-m/crtbegin.o
                0x0000000008004488                PROVIDE (__init_array_end = .)
                0x0000000008004488                . = ALIGN (0x4)

.fini_array     0x0000000008004488        0x4
                0x0000000008004488                . = ALIGN (0x4)
                [!provide]                        PROVIDE (__fini_array_start = .)
 *(SORT_BY_NAME(.fini_array.*))
 *(.fini_array*)
 .fini_array    0x0000000008004488        0x4 n:/programming/stm32cubeide_1.0.2/stm32cubeide/plugins/com.st.stm32cube.ide.mcu.externaltools.gnu-tools-for-stm32.7-2018-q2-update.win32_1.0.0.201904181610/tools/bin/../lib/gcc/arm-none-eabi/7.3.1/thumb/v7-m/crtbegin.o
                [!provide]                        PROVIDE (__fini_array_end = .)
                0x000000000800448c                . = ALIGN (0x4)
                0x000000000800448c                _sidata = LOADADDR (.data)

.data           0x0000000020000000       0x18 load address 0x000000000800448c
                0x0000000020000000                . = ALIGN (0x4)
                0x0000000020000000                _sdata = .
 *(.data)
 *(.data*)
 .data.uwTickPrio
                0x0000000020000000        0x4 Drivers/STM32F1xx_HAL_Driver/Src/stm32f1xx_hal.o
                0x0000000020000000                uwTickPrio
 .data.uwTickFreq
                0x0000000020000004        0x1 Drivers/STM32F1xx_HAL_Driver/Src/stm32f1xx_hal.o
                0x0000000020000004                uwTickFreq
 .data.gameState
                0x0000000020000005        0x1 Src/dinoGame.o
                0x0000000020000005                gameState
 *fill*         0x0000000020000006        0x2 
 .data.Font_7x10
                0x0000000020000008        0x8 Src/fonts.o
                0x0000000020000008                Font_7x10
 .data.SSD1306_Buffer
                0x0000000020000010        0x4 Src/main.o
                0x0000000020000010                SSD1306_Buffer
 .data.SystemCoreClock
                0x0000000020000014        0x4 Src/system_stm32f1xx.o
                0x0000000020000014                SystemCoreClock
                0x0000000020000018                . = ALIGN (0x4)
                0x0000000020000018                _edata = .

.igot.plt       0x0000000020000018        0x0 load address 0x00000000080044a4
 .igot.plt      0x0000000020000018        0x0 n:/programming/stm32cubeide_1.0.2/stm32cubeide/plugins/com.st.stm32cube.ide.mcu.externaltools.gnu-tools-for-stm32.7-2018-q2-update.win32_1.0.0.201904181610/tools/bin/../lib/gcc/arm-none-eabi/7.3.1/thumb/v7-m/crtbegin.o
                0x0000000020000018                . = ALIGN (0x4)

.bss            0x0000000020000018      0xa04 load address 0x00000000080044a4
                0x0000000020000018                _sbss = .
                0x0000000020000018                __bss_start__ = _sbss
 *(.bss)
 .bss           0x0000000020000018       0x1c n:/programming/stm32cubeide_1.0.2/stm32cubeide/plugins/com.st.stm32cube.ide.mcu.externaltools.gnu-tools-for-stm32.7-2018-q2-update.win32_1.0.0.201904181610/tools/bin/../lib/gcc/arm-none-eabi/7.3.1/thumb/v7-m/crtbegin.o
 *(.bss*)
 .bss.norm_slide1
                0x0000000020000034        0xc Src/dinoGame.o
 .bss.norm_slide2
                0x0000000020000040        0xc Src/dinoGame.o
 .bss.curSlideNormal
                0x000000002000004c        0x4 Src/dinoGame.o
 .bss.sit_slide1
                0x0000000020000050        0xc Src/dinoGame.o
 .bss.sit_slide2
                0x000000002000005c        0xc Src/dinoGame.o
 .bss.curSlideSit
                0x0000000020000068        0x4 Src/dinoGame.o
 .bss.jump_slide
                0x000000002000006c        0xc Src/dinoGame.o
 .bss.bird_slide1
                0x0000000020000078        0xc Src/dinoGame.o
 .bss.bird_slide2
                0x0000000020000084        0xc Src/dinoGame.o
 .bss.curSlideBird
                0x0000000020000090        0x4 Src/dinoGame.o
 .bss.cactus1_slide
                0x0000000020000094        0xc Src/dinoGame.o
 .bss.cactus2_slide
                0x00000000200000a0        0xc Src/dinoGame.o
 .bss.cactus3_slide
                0x00000000200000ac        0xc Src/dinoGame.o
 .bss.points    0x00000000200000b8        0x2 Src/dinoGame.o
                0x00000000200000b8                points
 *fill*         0x00000000200000ba        0x2 
 .bss.slist     0x00000000200000bc       0x14 Src/dinoGame.o
                0x00000000200000bc                slist
 .bss.pos.7157  0x00000000200000d0        0x1 Src/dinoGame.o
 .bss.tmp.7184  0x00000000200000d1        0x1 Src/dinoGame.o
 .bss.t.7192    0x00000000200000d2        0x1 Src/dinoGame.o
 .bss.typek.7193
                0x00000000200000d3        0x1 Src/dinoGame.o
 .bss.SSD1306_Buffer1
                0x00000000200000d4      0x800 Src/main.o
                0x00000000200000d4                SSD1306_Buffer1
 .bss.SSD1306   0x00000000200008d4        0x8 Src/ssd1306.o
 .bss.rotate    0x00000000200008dc        0x1 Src/ssd1306.o
 .bss.display_geometry
                0x00000000200008dd        0x1 Src/ssd1306.o
                0x00000000200008dd                display_geometry
 .bss.ticks.7170
                0x00000000200008de        0x2 Src/stm32f1xx_it.o
 *(COMMON)
 COMMON         0x00000000200008e0        0x4 Drivers/STM32F1xx_HAL_Driver/Src/stm32f1xx_hal.o
                0x00000000200008e0                uwTick
 COMMON         0x00000000200008e4       0xa4 Src/dinoGame.o
                0x00000000200008e4                player
                0x00000000200008e8                objList
 COMMON         0x0000000020000988       0x94 Src/main.o
                0x0000000020000988                hi2c2
                0x00000000200009dc                htim1
                0x0000000020000a1c                . = ALIGN (0x4)
                0x0000000020000a1c                _ebss = .
                0x0000000020000a1c                __bss_end__ = _ebss

._user_heap_stack
                0x0000000020000a1c     0x1e04 load address 0x00000000080044a4
                0x0000000020000a20                . = ALIGN (0x8)
 *fill*         0x0000000020000a1c        0x4 
                [!provide]                        PROVIDE (end = .)
                [!provide]                        PROVIDE (_end = .)
                0x0000000020001920                . = (. + _Min_Heap_Size)
 *fill*         0x0000000020000a20      0xf00 
                0x0000000020002820                . = (. + _Min_Stack_Size)
 *fill*         0x0000000020001920      0xf00 
                0x0000000020002820                . = ALIGN (0x8)

/DISCARD/
 libc.a(*)
 libm.a(*)
 libgcc.a(*)

.ARM.attributes
                0x0000000000000000       0x29
 *(.ARM.attributes)
 .ARM.attributes
                0x0000000000000000       0x1d n:/programming/stm32cubeide_1.0.2/stm32cubeide/plugins/com.st.stm32cube.ide.mcu.externaltools.gnu-tools-for-stm32.7-2018-q2-update.win32_1.0.0.201904181610/tools/bin/../lib/gcc/arm-none-eabi/7.3.1/thumb/v7-m/crti.o
 .ARM.attributes
                0x000000000000001d       0x2d n:/programming/stm32cubeide_1.0.2/stm32cubeide/plugins/com.st.stm32cube.ide.mcu.externaltools.gnu-tools-for-stm32.7-2018-q2-update.win32_1.0.0.201904181610/tools/bin/../lib/gcc/arm-none-eabi/7.3.1/thumb/v7-m/crtbegin.o
 .ARM.attributes
                0x000000000000004a       0x33 Drivers/STM32F1xx_HAL_Driver/Src/stm32f1xx_hal.o
 .ARM.attributes
                0x000000000000007d       0x33 Drivers/STM32F1xx_HAL_Driver/Src/stm32f1xx_hal_cortex.o
 .ARM.attributes
                0x00000000000000b0       0x33 Drivers/STM32F1xx_HAL_Driver/Src/stm32f1xx_hal_gpio.o
 .ARM.attributes
                0x00000000000000e3       0x33 Drivers/STM32F1xx_HAL_Driver/Src/stm32f1xx_hal_i2c.o
 .ARM.attributes
                0x0000000000000116       0x33 Drivers/STM32F1xx_HAL_Driver/Src/stm32f1xx_hal_rcc.o
 .ARM.attributes
                0x0000000000000149       0x33 Drivers/STM32F1xx_HAL_Driver/Src/stm32f1xx_hal_tim.o
 .ARM.attributes
                0x000000000000017c       0x33 Drivers/STM32F1xx_HAL_Driver/Src/stm32f1xx_hal_tim_ex.o
 .ARM.attributes
                0x00000000000001af       0x33 Src/dinoGame.o
 .ARM.attributes
                0x00000000000001e2       0x33 Src/dinoGameModels.o
 .ARM.attributes
                0x0000000000000215       0x33 Src/fonts.o
 .ARM.attributes
                0x0000000000000248       0x33 Src/main.o
 .ARM.attributes
                0x000000000000027b       0x33 Src/ssd1306.o
 .ARM.attributes
                0x00000000000002ae       0x33 Src/stm32f1xx_hal_msp.o
 .ARM.attributes
                0x00000000000002e1       0x33 Src/stm32f1xx_it.o
 .ARM.attributes
                0x0000000000000314       0x33 Src/system_stm32f1xx.o
 .ARM.attributes
                0x0000000000000347       0x21 Startup/startup_stm32f103c8tx.o
 .ARM.attributes
                0x0000000000000368       0x2d n:/programming/stm32cubeide_1.0.2/stm32cubeide/plugins/com.st.stm32cube.ide.mcu.externaltools.gnu-tools-for-stm32.7-2018-q2-update.win32_1.0.0.201904181610/tools/bin/../lib/gcc/arm-none-eabi/7.3.1/../../../../arm-none-eabi/lib/thumb/v7-m\libc_nano.a(lib_a-init.o)
 .ARM.attributes
                0x0000000000000395       0x2d n:/programming/stm32cubeide_1.0.2/stm32cubeide/plugins/com.st.stm32cube.ide.mcu.externaltools.gnu-tools-for-stm32.7-2018-q2-update.win32_1.0.0.201904181610/tools/bin/../lib/gcc/arm-none-eabi/7.3.1/../../../../arm-none-eabi/lib/thumb/v7-m\libc_nano.a(lib_a-memset.o)
 .ARM.attributes
                0x00000000000003c2       0x17 n:/programming/stm32cubeide_1.0.2/stm32cubeide/plugins/com.st.stm32cube.ide.mcu.externaltools.gnu-tools-for-stm32.7-2018-q2-update.win32_1.0.0.201904181610/tools/bin/../lib/gcc/arm-none-eabi/7.3.1/../../../../arm-none-eabi/lib/thumb/v7-m\libc_nano.a(lib_a-strlen.o)
 .ARM.attributes
                0x00000000000003d9       0x1d n:/programming/stm32cubeide_1.0.2/stm32cubeide/plugins/com.st.stm32cube.ide.mcu.externaltools.gnu-tools-for-stm32.7-2018-q2-update.win32_1.0.0.201904181610/tools/bin/../lib/gcc/arm-none-eabi/7.3.1/thumb/v7-m/crtn.o
OUTPUT(wtf.elf elf32-littlearm)

.debug_info     0x0000000000000000     0xf9aa
 .debug_info    0x0000000000000000      0x6fe Drivers/STM32F1xx_HAL_Driver/Src/stm32f1xx_hal.o
 .debug_info    0x00000000000006fe      0xb46 Drivers/STM32F1xx_HAL_Driver/Src/stm32f1xx_hal_cortex.o
 .debug_info    0x0000000000001244      0x681 Drivers/STM32F1xx_HAL_Driver/Src/stm32f1xx_hal_gpio.o
 .debug_info    0x00000000000018c5     0x2457 Drivers/STM32F1xx_HAL_Driver/Src/stm32f1xx_hal_i2c.o
 .debug_info    0x0000000000003d1c      0x804 Drivers/STM32F1xx_HAL_Driver/Src/stm32f1xx_hal_rcc.o
 .debug_info    0x0000000000004520     0x2456 Drivers/STM32F1xx_HAL_Driver/Src/stm32f1xx_hal_tim.o
 .debug_info    0x0000000000006976     0x1104 Drivers/STM32F1xx_HAL_Driver/Src/stm32f1xx_hal_tim_ex.o
 .debug_info    0x0000000000007a7a     0x14a4 Src/dinoGame.o
 .debug_info    0x0000000000008f1e      0xfda Src/dinoGameModels.o
 .debug_info    0x0000000000009ef8      0x19c Src/fonts.o
 .debug_info    0x000000000000a094     0x1b12 Src/main.o
 .debug_info    0x000000000000bba6     0x1a3b Src/ssd1306.o
 .debug_info    0x000000000000d5e1      0xcd8 Src/stm32f1xx_hal_msp.o
 .debug_info    0x000000000000e2b9     0x129c Src/stm32f1xx_it.o
 .debug_info    0x000000000000f555      0x433 Src/system_stm32f1xx.o
 .debug_info    0x000000000000f988       0x22 Startup/startup_stm32f103c8tx.o

.debug_abbrev   0x0000000000000000     0x201b
 .debug_abbrev  0x0000000000000000      0x1d8 Drivers/STM32F1xx_HAL_Driver/Src/stm32f1xx_hal.o
 .debug_abbrev  0x00000000000001d8      0x2d5 Drivers/STM32F1xx_HAL_Driver/Src/stm32f1xx_hal_cortex.o
 .debug_abbrev  0x00000000000004ad      0x1c0 Drivers/STM32F1xx_HAL_Driver/Src/stm32f1xx_hal_gpio.o
 .debug_abbrev  0x000000000000066d      0x258 Drivers/STM32F1xx_HAL_Driver/Src/stm32f1xx_hal_i2c.o
 .debug_abbrev  0x00000000000008c5      0x243 Drivers/STM32F1xx_HAL_Driver/Src/stm32f1xx_hal_rcc.o
 .debug_abbrev  0x0000000000000b08      0x230 Drivers/STM32F1xx_HAL_Driver/Src/stm32f1xx_hal_tim.o
 .debug_abbrev  0x0000000000000d38      0x21e Drivers/STM32F1xx_HAL_Driver/Src/stm32f1xx_hal_tim_ex.o
 .debug_abbrev  0x0000000000000f56      0x348 Src/dinoGame.o
 .debug_abbrev  0x000000000000129e      0x198 Src/dinoGameModels.o
 .debug_abbrev  0x0000000000001436       0xa1 Src/fonts.o
 .debug_abbrev  0x00000000000014d7      0x2f7 Src/main.o
 .debug_abbrev  0x00000000000017ce      0x357 Src/ssd1306.o
 .debug_abbrev  0x0000000000001b25      0x1a6 Src/stm32f1xx_hal_msp.o
 .debug_abbrev  0x0000000000001ccb      0x20a Src/stm32f1xx_it.o
 .debug_abbrev  0x0000000000001ed5      0x134 Src/system_stm32f1xx.o
 .debug_abbrev  0x0000000000002009       0x12 Startup/startup_stm32f103c8tx.o

.debug_aranges  0x0000000000000000      0xdc8
 .debug_aranges
                0x0000000000000000       0xe0 Drivers/STM32F1xx_HAL_Driver/Src/stm32f1xx_hal.o
 .debug_aranges
                0x00000000000000e0      0x100 Drivers/STM32F1xx_HAL_Driver/Src/stm32f1xx_hal_cortex.o
 .debug_aranges
                0x00000000000001e0       0x58 Drivers/STM32F1xx_HAL_Driver/Src/stm32f1xx_hal_gpio.o
 .debug_aranges
                0x0000000000000238      0x290 Drivers/STM32F1xx_HAL_Driver/Src/stm32f1xx_hal_i2c.o
 .debug_aranges
                0x00000000000004c8       0x90 Drivers/STM32F1xx_HAL_Driver/Src/stm32f1xx_hal_rcc.o
 .debug_aranges
                0x0000000000000558      0x3a8 Drivers/STM32F1xx_HAL_Driver/Src/stm32f1xx_hal_tim.o
 .debug_aranges
                0x0000000000000900      0x150 Drivers/STM32F1xx_HAL_Driver/Src/stm32f1xx_hal_tim_ex.o
 .debug_aranges
                0x0000000000000a50       0xa8 Src/dinoGame.o
 .debug_aranges
                0x0000000000000af8       0x18 Src/dinoGameModels.o
 .debug_aranges
                0x0000000000000b10       0x18 Src/fonts.o
 .debug_aranges
                0x0000000000000b28       0x58 Src/main.o
 .debug_aranges
                0x0000000000000b80      0x148 Src/ssd1306.o
 .debug_aranges
                0x0000000000000cc8       0x40 Src/stm32f1xx_hal_msp.o
 .debug_aranges
                0x0000000000000d08       0x70 Src/stm32f1xx_it.o
 .debug_aranges
                0x0000000000000d78       0x28 Src/system_stm32f1xx.o
 .debug_aranges
                0x0000000000000da0       0x28 Startup/startup_stm32f103c8tx.o

.debug_ranges   0x0000000000000000      0xce0
 .debug_ranges  0x0000000000000000       0xd0 Drivers/STM32F1xx_HAL_Driver/Src/stm32f1xx_hal.o
 .debug_ranges  0x00000000000000d0       0xf0 Drivers/STM32F1xx_HAL_Driver/Src/stm32f1xx_hal_cortex.o
 .debug_ranges  0x00000000000001c0       0x48 Drivers/STM32F1xx_HAL_Driver/Src/stm32f1xx_hal_gpio.o
 .debug_ranges  0x0000000000000208      0x2a0 Drivers/STM32F1xx_HAL_Driver/Src/stm32f1xx_hal_i2c.o
 .debug_ranges  0x00000000000004a8       0x80 Drivers/STM32F1xx_HAL_Driver/Src/stm32f1xx_hal_rcc.o
 .debug_ranges  0x0000000000000528      0x398 Drivers/STM32F1xx_HAL_Driver/Src/stm32f1xx_hal_tim.o
 .debug_ranges  0x00000000000008c0      0x140 Drivers/STM32F1xx_HAL_Driver/Src/stm32f1xx_hal_tim_ex.o
 .debug_ranges  0x0000000000000a00       0x98 Src/dinoGame.o
 .debug_ranges  0x0000000000000a98       0x48 Src/main.o
 .debug_ranges  0x0000000000000ae0      0x138 Src/ssd1306.o
 .debug_ranges  0x0000000000000c18       0x30 Src/stm32f1xx_hal_msp.o
 .debug_ranges  0x0000000000000c48       0x60 Src/stm32f1xx_it.o
 .debug_ranges  0x0000000000000ca8       0x18 Src/system_stm32f1xx.o
 .debug_ranges  0x0000000000000cc0       0x20 Startup/startup_stm32f103c8tx.o

.debug_macro    0x0000000000000000    0x147eb
 .debug_macro   0x0000000000000000      0x1be Drivers/STM32F1xx_HAL_Driver/Src/stm32f1xx_hal.o
 .debug_macro   0x00000000000001be      0xa5a Drivers/STM32F1xx_HAL_Driver/Src/stm32f1xx_hal.o
 .debug_macro   0x0000000000000c18      0x21b Drivers/STM32F1xx_HAL_Driver/Src/stm32f1xx_hal.o
 .debug_macro   0x0000000000000e33       0x2e Drivers/STM32F1xx_HAL_Driver/Src/stm32f1xx_hal.o
 .debug_macro   0x0000000000000e61       0x22 Drivers/STM32F1xx_HAL_Driver/Src/stm32f1xx_hal.o
 .debug_macro   0x0000000000000e83       0x22 Drivers/STM32F1xx_HAL_Driver/Src/stm32f1xx_hal.o
 .debug_macro   0x0000000000000ea5       0x8e Drivers/STM32F1xx_HAL_Driver/Src/stm32f1xx_hal.o
 .debug_macro   0x0000000000000f33       0x51 Drivers/STM32F1xx_HAL_Driver/Src/stm32f1xx_hal.o
 .debug_macro   0x0000000000000f84       0xef Drivers/STM32F1xx_HAL_Driver/Src/stm32f1xx_hal.o
 .debug_macro   0x0000000000001073       0x6a Drivers/STM32F1xx_HAL_Driver/Src/stm32f1xx_hal.o
 .debug_macro   0x00000000000010dd      0x1df Drivers/STM32F1xx_HAL_Driver/Src/stm32f1xx_hal.o
 .debug_macro   0x00000000000012bc       0x1c Drivers/STM32F1xx_HAL_Driver/Src/stm32f1xx_hal.o
 .debug_macro   0x00000000000012d8       0x22 Drivers/STM32F1xx_HAL_Driver/Src/stm32f1xx_hal.o
 .debug_macro   0x00000000000012fa       0xc3 Drivers/STM32F1xx_HAL_Driver/Src/stm32f1xx_hal.o
 .debug_macro   0x00000000000013bd      0xd23 Drivers/STM32F1xx_HAL_Driver/Src/stm32f1xx_hal.o
 .debug_macro   0x00000000000020e0     0xe09e Drivers/STM32F1xx_HAL_Driver/Src/stm32f1xx_hal.o
 .debug_macro   0x000000000001017e       0x43 Drivers/STM32F1xx_HAL_Driver/Src/stm32f1xx_hal.o
 .debug_macro   0x00000000000101c1      0x174 Drivers/STM32F1xx_HAL_Driver/Src/stm32f1xx_hal.o
 .debug_macro   0x0000000000010335       0x5a Drivers/STM32F1xx_HAL_Driver/Src/stm32f1xx_hal.o
 .debug_macro   0x000000000001038f      0x5be Drivers/STM32F1xx_HAL_Driver/Src/stm32f1xx_hal.o
 .debug_macro   0x000000000001094d      0x289 Drivers/STM32F1xx_HAL_Driver/Src/stm32f1xx_hal.o
 .debug_macro   0x0000000000010bd6      0x1cb Drivers/STM32F1xx_HAL_Driver/Src/stm32f1xx_hal.o
 .debug_macro   0x0000000000010da1      0x114 Drivers/STM32F1xx_HAL_Driver/Src/stm32f1xx_hal.o
 .debug_macro   0x0000000000010eb5      0x1b2 Drivers/STM32F1xx_HAL_Driver/Src/stm32f1xx_hal.o
 .debug_macro   0x0000000000011067       0x27 Drivers/STM32F1xx_HAL_Driver/Src/stm32f1xx_hal.o
 .debug_macro   0x000000000001108e      0x136 Drivers/STM32F1xx_HAL_Driver/Src/stm32f1xx_hal.o
 .debug_macro   0x00000000000111c4      0x1bc Drivers/STM32F1xx_HAL_Driver/Src/stm32f1xx_hal.o
 .debug_macro   0x0000000000011380       0x34 Drivers/STM32F1xx_HAL_Driver/Src/stm32f1xx_hal.o
 .debug_macro   0x00000000000113b4       0x3c Drivers/STM32F1xx_HAL_Driver/Src/stm32f1xx_hal.o
 .debug_macro   0x00000000000113f0       0x57 Drivers/STM32F1xx_HAL_Driver/Src/stm32f1xx_hal.o
 .debug_macro   0x0000000000011447       0x88 Drivers/STM32F1xx_HAL_Driver/Src/stm32f1xx_hal.o
 .debug_macro   0x00000000000114cf      0x241 Drivers/STM32F1xx_HAL_Driver/Src/stm32f1xx_hal.o
 .debug_macro   0x0000000000011710      0x280 Drivers/STM32F1xx_HAL_Driver/Src/stm32f1xx_hal.o
 .debug_macro   0x0000000000011990      0x141 Drivers/STM32F1xx_HAL_Driver/Src/stm32f1xx_hal.o
 .debug_macro   0x0000000000011ad1      0x88b Drivers/STM32F1xx_HAL_Driver/Src/stm32f1xx_hal.o
 .debug_macro   0x000000000001235c       0x83 Drivers/STM32F1xx_HAL_Driver/Src/stm32f1xx_hal.o
 .debug_macro   0x00000000000123df      0x19a Drivers/STM32F1xx_HAL_Driver/Src/stm32f1xx_hal_cortex.o
 .debug_macro   0x0000000000012579      0x205 Drivers/STM32F1xx_HAL_Driver/Src/stm32f1xx_hal_gpio.o
 .debug_macro   0x000000000001277e      0x1da Drivers/STM32F1xx_HAL_Driver/Src/stm32f1xx_hal_i2c.o
 .debug_macro   0x0000000000012958      0x1ac Drivers/STM32F1xx_HAL_Driver/Src/stm32f1xx_hal_rcc.o
 .debug_macro   0x0000000000012b04      0x19b Drivers/STM32F1xx_HAL_Driver/Src/stm32f1xx_hal_tim.o
 .debug_macro   0x0000000000012c9f      0x19a Drivers/STM32F1xx_HAL_Driver/Src/stm32f1xx_hal_tim_ex.o
 .debug_macro   0x0000000000012e39      0x2c2 Src/dinoGame.o
 .debug_macro   0x00000000000130fb       0x34 Src/dinoGame.o
 .debug_macro   0x000000000001312f       0x1c Src/dinoGame.o
 .debug_macro   0x000000000001314b       0x18 Src/dinoGame.o
 .debug_macro   0x0000000000013163       0x46 Src/dinoGame.o
 .debug_macro   0x00000000000131a9       0x3c Src/dinoGame.o
 .debug_macro   0x00000000000131e5       0x34 Src/dinoGame.o
 .debug_macro   0x0000000000013219       0x16 Src/dinoGame.o
 .debug_macro   0x000000000001322f       0x35 Src/dinoGame.o
 .debug_macro   0x0000000000013264       0x52 Src/dinoGame.o
 .debug_macro   0x00000000000132b6       0x1f Src/dinoGame.o
 .debug_macro   0x00000000000132d5       0x43 Src/dinoGame.o
 .debug_macro   0x0000000000013318       0x20 Src/dinoGame.o
 .debug_macro   0x0000000000013338      0x1a3 Src/dinoGame.o
 .debug_macro   0x00000000000134db      0x32a Src/dinoGame.o
 .debug_macro   0x0000000000013805       0x16 Src/dinoGame.o
 .debug_macro   0x000000000001381b       0x29 Src/dinoGame.o
 .debug_macro   0x0000000000013844       0x16 Src/dinoGame.o
 .debug_macro   0x000000000001385a       0x20 Src/dinoGame.o
 .debug_macro   0x000000000001387a       0xca Src/dinoGame.o
 .debug_macro   0x0000000000013944      0x2b9 Src/dinoGameModels.o
 .debug_macro   0x0000000000013bfd       0x6d Src/fonts.o
 .debug_macro   0x0000000000013c6a      0x2c1 Src/main.o
 .debug_macro   0x0000000000013f2b      0x2b5 Src/ssd1306.o
 .debug_macro   0x00000000000141e0      0x1a4 Src/stm32f1xx_hal_msp.o
 .debug_macro   0x0000000000014384      0x2c7 Src/stm32f1xx_it.o
 .debug_macro   0x000000000001464b      0x1a0 Src/system_stm32f1xx.o

.debug_line     0x0000000000000000     0xa297
 .debug_line    0x0000000000000000      0x82d Drivers/STM32F1xx_HAL_Driver/Src/stm32f1xx_hal.o
 .debug_line    0x000000000000082d      0x906 Drivers/STM32F1xx_HAL_Driver/Src/stm32f1xx_hal_cortex.o
 .debug_line    0x0000000000001133      0x82d Drivers/STM32F1xx_HAL_Driver/Src/stm32f1xx_hal_gpio.o
 .debug_line    0x0000000000001960     0x1af0 Drivers/STM32F1xx_HAL_Driver/Src/stm32f1xx_hal_i2c.o
 .debug_line    0x0000000000003450      0x8ef Drivers/STM32F1xx_HAL_Driver/Src/stm32f1xx_hal_rcc.o
 .debug_line    0x0000000000003d3f     0x16f3 Drivers/STM32F1xx_HAL_Driver/Src/stm32f1xx_hal_tim.o
 .debug_line    0x0000000000005432      0xc40 Drivers/STM32F1xx_HAL_Driver/Src/stm32f1xx_hal_tim_ex.o
 .debug_line    0x0000000000006072      0xa1b Src/dinoGame.o
 .debug_line    0x0000000000006a8d      0x7f5 Src/dinoGameModels.o
 .debug_line    0x0000000000007282      0x3a4 Src/fonts.o
 .debug_line    0x0000000000007626      0x8dc Src/main.o
 .debug_line    0x0000000000007f02      0xd13 Src/ssd1306.o
 .debug_line    0x0000000000008c15      0x6a6 Src/stm32f1xx_hal_msp.o
 .debug_line    0x00000000000092bb      0x8dd Src/stm32f1xx_it.o
 .debug_line    0x0000000000009b98      0x680 Src/system_stm32f1xx.o
 .debug_line    0x000000000000a218       0x7f Startup/startup_stm32f103c8tx.o

.debug_str      0x0000000000000000    0x715f2
 .debug_str     0x0000000000000000    0x6a9cb Drivers/STM32F1xx_HAL_Driver/Src/stm32f1xx_hal.o
                                      0x6ad05 (size before relaxing)
 .debug_str     0x000000000006a9cb      0x326 Drivers/STM32F1xx_HAL_Driver/Src/stm32f1xx_hal_cortex.o
                                      0x6ad13 (size before relaxing)
 .debug_str     0x000000000006acf1      0x3a3 Drivers/STM32F1xx_HAL_Driver/Src/stm32f1xx_hal_gpio.o
                                      0x6aa3e (size before relaxing)
 .debug_str     0x000000000006b094      0xfb0 Drivers/STM32F1xx_HAL_Driver/Src/stm32f1xx_hal_i2c.o
                                      0x6b66a (size before relaxing)
 .debug_str     0x000000000006c044      0x368 Drivers/STM32F1xx_HAL_Driver/Src/stm32f1xx_hal_rcc.o
                                      0x6aa77 (size before relaxing)
 .debug_str     0x000000000006c3ac      0xfbf Drivers/STM32F1xx_HAL_Driver/Src/stm32f1xx_hal_tim.o
                                      0x6b842 (size before relaxing)
 .debug_str     0x000000000006d36b      0x579 Drivers/STM32F1xx_HAL_Driver/Src/stm32f1xx_hal_tim_ex.o
                                      0x6b042 (size before relaxing)
 .debug_str     0x000000000006d8e4     0x365c Src/dinoGame.o
                                      0x6e165 (size before relaxing)
 .debug_str     0x0000000000070f40       0x18 Src/dinoGameModels.o
                                      0x6deb4 (size before relaxing)
 .debug_str     0x0000000000070f58       0x2c Src/fonts.o
                                       0x3c36 (size before relaxing)
 .debug_str     0x0000000000070f84       0xa4 Src/main.o
                                      0x6e778 (size before relaxing)
 .debug_str     0x0000000000071028      0x442 Src/ssd1306.o
                                      0x6e30b (size before relaxing)
 .debug_str     0x000000000007146a       0x25 Src/stm32f1xx_hal_msp.o
                                      0x6b056 (size before relaxing)
 .debug_str     0x000000000007148f       0xc9 Src/stm32f1xx_it.o
                                      0x6e166 (size before relaxing)
 .debug_str     0x0000000000071558       0x69 Src/system_stm32f1xx.o
                                      0x6a6ef (size before relaxing)
 .debug_str     0x00000000000715c1       0x31 Startup/startup_stm32f103c8tx.o
                                         0x4d (size before relaxing)

.comment        0x0000000000000000       0x7b
 .comment       0x0000000000000000       0x7b Drivers/STM32F1xx_HAL_Driver/Src/stm32f1xx_hal.o
                                         0x7c (size before relaxing)
 .comment       0x000000000000007b       0x7c Drivers/STM32F1xx_HAL_Driver/Src/stm32f1xx_hal_cortex.o
 .comment       0x000000000000007b       0x7c Drivers/STM32F1xx_HAL_Driver/Src/stm32f1xx_hal_gpio.o
 .comment       0x000000000000007b       0x7c Drivers/STM32F1xx_HAL_Driver/Src/stm32f1xx_hal_i2c.o
 .comment       0x000000000000007b       0x7c Drivers/STM32F1xx_HAL_Driver/Src/stm32f1xx_hal_rcc.o
 .comment       0x000000000000007b       0x7c Drivers/STM32F1xx_HAL_Driver/Src/stm32f1xx_hal_tim.o
 .comment       0x000000000000007b       0x7c Drivers/STM32F1xx_HAL_Driver/Src/stm32f1xx_hal_tim_ex.o
 .comment       0x000000000000007b       0x7c Src/dinoGame.o
 .comment       0x000000000000007b       0x7c Src/dinoGameModels.o
 .comment       0x000000000000007b       0x7c Src/fonts.o
 .comment       0x000000000000007b       0x7c Src/main.o
 .comment       0x000000000000007b       0x7c Src/ssd1306.o
 .comment       0x000000000000007b       0x7c Src/stm32f1xx_hal_msp.o
 .comment       0x000000000000007b       0x7c Src/stm32f1xx_it.o
 .comment       0x000000000000007b       0x7c Src/system_stm32f1xx.o

.debug_frame    0x0000000000000000     0x3920
 .debug_frame   0x0000000000000000      0x334 Drivers/STM32F1xx_HAL_Driver/Src/stm32f1xx_hal.o
 .debug_frame   0x0000000000000334      0x428 Drivers/STM32F1xx_HAL_Driver/Src/stm32f1xx_hal_cortex.o
 .debug_frame   0x000000000000075c      0x14c Drivers/STM32F1xx_HAL_Driver/Src/stm32f1xx_hal_gpio.o
 .debug_frame   0x00000000000008a8      0xc08 Drivers/STM32F1xx_HAL_Driver/Src/stm32f1xx_hal_i2c.o
 .debug_frame   0x00000000000014b0      0x21c Drivers/STM32F1xx_HAL_Driver/Src/stm32f1xx_hal_rcc.o
 .debug_frame   0x00000000000016cc     0x10e8 Drivers/STM32F1xx_HAL_Driver/Src/stm32f1xx_hal_tim.o
 .debug_frame   0x00000000000027b4      0x5c0 Drivers/STM32F1xx_HAL_Driver/Src/stm32f1xx_hal_tim_ex.o
 .debug_frame   0x0000000000002d74      0x278 Src/dinoGame.o
 .debug_frame   0x0000000000002fec      0x120 Src/main.o
 .debug_frame   0x000000000000310c      0x564 Src/ssd1306.o
 .debug_frame   0x0000000000003670       0xc8 Src/stm32f1xx_hal_msp.o
 .debug_frame   0x0000000000003738      0x144 Src/stm32f1xx_it.o
 .debug_frame   0x000000000000387c       0x58 Src/system_stm32f1xx.o
 .debug_frame   0x00000000000038d4       0x2c n:/programming/stm32cubeide_1.0.2/stm32cubeide/plugins/com.st.stm32cube.ide.mcu.externaltools.gnu-tools-for-stm32.7-2018-q2-update.win32_1.0.0.201904181610/tools/bin/../lib/gcc/arm-none-eabi/7.3.1/../../../../arm-none-eabi/lib/thumb/v7-m\libc_nano.a(lib_a-init.o)
 .debug_frame   0x0000000000003900       0x20 n:/programming/stm32cubeide_1.0.2/stm32cubeide/plugins/com.st.stm32cube.ide.mcu.externaltools.gnu-tools-for-stm32.7-2018-q2-update.win32_1.0.0.201904181610/tools/bin/../lib/gcc/arm-none-eabi/7.3.1/../../../../arm-none-eabi/lib/thumb/v7-m\libc_nano.a(lib_a-memset.o)
