dinoGame.c:40:6:reverse	32	static
dinoGame.c:52:6:itoaK	24	static
dinoGame.c:68:6:initSlides	4	static
dinoGame.c:133:6:initDino	8	static
dinoGame.c:140:6:initGame	8	static
dinoGame.c:146:6:drawRoad	16	static
dinoGame.c:158:6:createEntity	24	static
dinoGame.c:185:6:drawEntities	16	static
dinoGame.c:199:6:drawEntity	32	static
dinoGame.c:256:6:drawDino	40	static
dinoGame.c:303:6:normalizeField	8	static
dinoGame.c:326:6:drawPoints	16	static
dinoGame.c:334:6:draw	8	static
dinoGame.c:349:6:processEntities	32	static
dinoGame.c:369:6:end	16	static
dinoGame.c:375:6:SetJumpState	4	static
dinoGame.c:381:9:getState	4	static
dinoGame.c:389:6:startGame	16	static
