ssd1306.c:20:6:rotate90	16	static
ssd1306.c:40:23:width	4	static
ssd1306.c:41:23:height	4	static
ssd1306.c:45:10:ssd1306_GetWidth	4	static
ssd1306.c:50:10:ssd1306_GetHeight	4	static
ssd1306.c:55:15:ssd1306_GetColor	4	static
ssd1306.c:60:6:ssd1306_SetColor	16	static
ssd1306.c:66:9:ssd1306_Init	8	static
ssd1306.c:145:6:ssd1306_Fill	16	static
ssd1306.c:159:6:ssd1306_UpdateScreen	24	static
ssd1306.c:178:6:ssd1306_DrawPixel	40	static
ssd1306.c:220:6:ssd1306_DrawPixelOut	40	static
ssd1306.c:264:6:ssd1306_DrawLine	48	static
ssd1306.c:314:6:ssd1306_DrawHorizontalLine	32	static
ssd1306.c:360:6:ssd1306_DrawVerticalLine	40	static
ssd1306.c:443:6:ssd1306_DrawRect	24	static
ssd1306.c:451:6:ssd1306_FillRect	32	static
ssd1306.c:459:6:ssd1306_DrawTriangle	24	static
ssd1306.c:467:6:ssd1306_DrawFillTriangle	56	static
ssd1306.c:535:6:ssd1306_DrawCircle	24	static
ssd1306.c:563:6:ssd1306_FillCircle	24	static
ssd1306.c:588:6:ssd1306_DrawCircleQuads	32	static
ssd1306.c:637:6:ssd1306_DrawProgressBar	40	static
ssd1306.c:666:6:ssd1306_DrawBitmap	32	static
ssd1306.c:708:6:ssd1306_WriteChar	40	static
ssd1306.c:772:6:ssd1306_WriteString	24	static
ssd1306.c:795:10:ssd1306_TestForPixels	40	static
ssd1306.c:818:6:ssd1306_SetCursor	16	static
ssd1306.c:824:6:ssd1306_DisplayOn	8	static
ssd1306.c:829:6:ssd1306_DisplayOff	8	static
ssd1306.c:834:6:ssd1306_InvertDisplay	8	static
ssd1306.c:839:6:ssd1306_NormalDisplay	8	static
ssd1306.c:844:6:ssd1306_ResetOrientation	8	static
ssd1306.c:850:6:ssd1306_FlipScreenVertically	8	static
ssd1306.c:856:6:ssd1306_MirrorScreen	8	static
ssd1306.c:862:6:ssd1306_Clear	8	static
ssd1306.c:870:13:ssd1306_WriteCommand	32	static
ssd1306.c:880:13:ssd1306_WriteData	32	static
